Input #0, mov,mp4,m4a,3gp,3g2,mj2, from 'C:\Users\user\Korean-Treanding\data\derived\creation_local_pilot_media_v03\artifacts\mu_eval_02_CF\video.mp4':
  Metadata:
    major_brand     : isom
    minor_version   : 512
    compatible_brands: isomiso2mp41
    encoder         : Lavf58.76.100
  Duration: 00:00:03.00, start: 0.000000, bitrate: 502 kb/s
  Stream #0:0[0x1](und): Video: mpeg4 (Simple Profile) (mp4v / 0x7634706D), yuv420p, 960x540 [SAR 1:1 DAR 16:9], 499 kb/s, 12 fps, 12 tbr, 12288 tbn (default)
      Metadata:
        handler_name    : VideoHandler
        vendor_id       : [0][0][0][0]
Stream mapping:
  Stream #0:0 -> #0:0 (mpeg4 (native) -> h264 (libx264))
[libx264 @ 000001e9b410aa00] using SAR=1/1
[libx264 @ 000001e9b410aa00] using cpu capabilities: MMX2 SSE2Fast SSSE3 SSE4.2 AVX FMA3 BMI2 AVX2 AVX512
[libx264 @ 000001e9b410aa00] profile High, level 3.1, 4:2:0, 8-bit
[libx264 @ 000001e9b410aa00] 264 - core 164 r3192 c24e06c - H.264/MPEG-4 AVC codec - Copyleft 2003-2024 - http://www.videolan.org/x264.html - options: cabac=1 ref=1 deblock=1:0:0 analyse=0x3:0x113 me=hex subme=2 psy=1 psy_rd=1.00:0.00 mixed_ref=0 me_range=16 chroma_me=1 trellis=0 8x8dct=1 cqm=0 deadzone=21,11 fast_pskip=1 chroma_qp_offset=0 threads=1 lookahead_threads=1 sliced_threads=0 nr=0 decimate=1 interlaced=0 bluray_compat=0 constrained_intra=0 bframes=3 b_pyramid=2 b_adapt=1 b_bias=0 direct=1 weightb=1 open_gop=0 weightp=1 keyint=250 keyint_min=12 scenecut=40 intra_refresh=0 rc_lookahead=10 rc=crf mbtree=1 crf=18.0 qcomp=0.60 qpmin=0 qpmax=69 qpstep=4 ip_ratio=1.40 aq=1:1.00
Output #0, mp4, to 'C:\Users\user\Korean-Treanding\data\derived\creation_text_delivery_v01\videos\0005\playback.mp4':
  Metadata:
    encoder         : Lavf61.7.100
  Stream #0:0: Video: h264 (avc1 / 0x31637661), yuv420p(tv, progressive), 960x540 [SAR 1:1 DAR 16:9], q=2-31, 12 fps, 12288 tbn (default)
      Metadata:
        encoder         : Lavc61.19.100 libx264
      Side data:
        cpb: bitrate max/min/avg: 0/0/0 buffer size: 0 vbv_delay: N/A
[mp4 @ 000001e9b411d500] Starting second pass: moving the moov atom to the beginning of the file
[out#0/mp4 @ 000001e9b41188c0] video:58KiB audio:0KiB subtitle:0KiB other streams:0KiB global headers:0KiB muxing overhead: 2.176937%
frame=   36 fps=0.0 q=21.0 Lsize=      60KiB time=00:00:02.83 bitrate= 172.2kbits/s speed=10.9x    
[libx264 @ 000001e9b410aa00] frame I:1     Avg QP: 7.07  size: 32884
[libx264 @ 000001e9b410aa00] frame P:9     Avg QP:10.86  size:  2679
[libx264 @ 000001e9b410aa00] frame B:26    Avg QP:13.83  size:    76
[libx264 @ 000001e9b410aa00] consecutive B-frames:  2.8%  0.0%  8.3% 88.9%
[libx264 @ 000001e9b410aa00] mb I  I16..4: 72.5%  0.4% 27.2%
[libx264 @ 000001e9b410aa00] mb P  I16..4:  1.8%  0.0%  0.1%  P16..4:  8.0%  0.0%  0.0%  0.0%  0.0%    skip:90.1%
[libx264 @ 000001e9b410aa00] mb B  I16..4:  0.2%  0.0%  0.0%  B16..8:  0.6%  0.1%  0.0%  direct: 0.2%  skip:98.9%  L0:36.8% L1:62.7% BI: 0.5%
[libx264 @ 000001e9b410aa00] 8x8 transform intra:0.5% inter:59.3%
[libx264 @ 000001e9b410aa00] coded y,uvDC,uvAC intra: 16.0% 22.1% 8.2% inter: 0.9% 1.6% 0.6%
[libx264 @ 000001e9b410aa00] i16 v,h,dc,p: 76% 20%  4%  0%
[libx264 @ 000001e9b410aa00] i8 v,h,dc,ddl,ddr,vr,hd,vl,hu: 10% 33% 50%  6%  0%  2%  0%  0%  0%
[libx264 @ 000001e9b410aa00] i4 v,h,dc,ddl,ddr,vr,hd,vl,hu: 31% 29% 19%  4%  3%  3%  4%  3%  4%
[libx264 @ 000001e9b410aa00] i8c dc,h,v,p: 61% 24% 15%  0%
[libx264 @ 000001e9b410aa00] Weighted P-Frames: Y:0.0% UV:0.0%
[libx264 @ 000001e9b410aa00] kb/s:157.29
