Input #0, mov,mp4,m4a,3gp,3g2,mj2, from 'C:\Users\user\Korean-Treanding\data\derived\creation_local_pilot_media_v03\artifacts\neutral_eval_01_CR\video.mp4':
  Metadata:
    major_brand     : isom
    minor_version   : 512
    compatible_brands: isomiso2mp41
    encoder         : Lavf58.76.100
  Duration: 00:00:03.00, start: 0.000000, bitrate: 238 kb/s
  Stream #0:0[0x1](und): Video: mpeg4 (Simple Profile) (mp4v / 0x7634706D), yuv420p, 960x540 [SAR 1:1 DAR 16:9], 235 kb/s, 12 fps, 12 tbr, 12288 tbn (default)
      Metadata:
        handler_name    : VideoHandler
        vendor_id       : [0][0][0][0]
Stream mapping:
  Stream #0:0 -> #0:0 (mpeg4 (native) -> h264 (libx264))
[libx264 @ 0000019b0d7a9680] using SAR=1/1
[libx264 @ 0000019b0d7a9680] using cpu capabilities: MMX2 SSE2Fast SSSE3 SSE4.2 AVX FMA3 BMI2 AVX2 AVX512
[libx264 @ 0000019b0d7a9680] profile High, level 3.1, 4:2:0, 8-bit
[libx264 @ 0000019b0d7a9680] 264 - core 164 r3192 c24e06c - H.264/MPEG-4 AVC codec - Copyleft 2003-2024 - http://www.videolan.org/x264.html - options: cabac=1 ref=1 deblock=1:0:0 analyse=0x3:0x113 me=hex subme=2 psy=1 psy_rd=1.00:0.00 mixed_ref=0 me_range=16 chroma_me=1 trellis=0 8x8dct=1 cqm=0 deadzone=21,11 fast_pskip=1 chroma_qp_offset=0 threads=1 lookahead_threads=1 sliced_threads=0 nr=0 decimate=1 interlaced=0 bluray_compat=0 constrained_intra=0 bframes=3 b_pyramid=2 b_adapt=1 b_bias=0 direct=1 weightb=1 open_gop=0 weightp=1 keyint=250 keyint_min=12 scenecut=40 intra_refresh=0 rc_lookahead=10 rc=crf mbtree=1 crf=18.0 qcomp=0.60 qpmin=0 qpmax=69 qpstep=4 ip_ratio=1.40 aq=1:1.00
Output #0, mp4, to 'C:\Users\user\Korean-Treanding\data\derived\creation_text_delivery_v01\videos\0013\playback.mp4':
  Metadata:
    encoder         : Lavf61.7.100
  Stream #0:0: Video: h264 (avc1 / 0x31637661), yuv420p(tv, progressive), 960x540 [SAR 1:1 DAR 16:9], q=2-31, 12 fps, 12288 tbn (default)
      Metadata:
        encoder         : Lavc61.19.100 libx264
      Side data:
        cpb: bitrate max/min/avg: 0/0/0 buffer size: 0 vbv_delay: N/A
[mp4 @ 0000019b0d7bd600] Starting second pass: moving the moov atom to the beginning of the file
[out#0/mp4 @ 0000019b0d7bd500] video:20KiB audio:0KiB subtitle:0KiB other streams:0KiB global headers:0KiB muxing overhead: 6.188956%
frame=   36 fps=0.0 q=21.0 Lsize=      22KiB time=00:00:02.83 bitrate=  62.9kbits/s speed=11.6x    
[libx264 @ 0000019b0d7a9680] frame I:1     Avg QP: 4.15  size: 12776
[libx264 @ 0000019b0d7a9680] frame P:9     Avg QP: 6.82  size:   710
[libx264 @ 0000019b0d7a9680] frame B:26    Avg QP: 7.65  size:    44
[libx264 @ 0000019b0d7a9680] consecutive B-frames:  2.8%  0.0%  8.3% 88.9%
[libx264 @ 0000019b0d7a9680] mb I  I16..4: 88.8%  0.1% 11.1%
[libx264 @ 0000019b0d7a9680] mb P  I16..4:  0.6%  0.0%  0.0%  P16..4:  2.9%  0.0%  0.0%  0.0%  0.0%    skip:96.5%
[libx264 @ 0000019b0d7a9680] mb B  I16..4:  0.0%  0.0%  0.0%  B16..8:  0.2%  0.0%  0.0%  direct: 0.1%  skip:99.7%  L0:39.3% L1:60.7% BI: 0.0%
[libx264 @ 0000019b0d7a9680] 8x8 transform intra:0.2% inter:61.1%
[libx264 @ 0000019b0d7a9680] coded y,uvDC,uvAC intra: 6.7% 10.8% 6.1% inter: 0.3% 0.6% 0.2%
[libx264 @ 0000019b0d7a9680] i16 v,h,dc,p: 92%  5%  3%  0%
[libx264 @ 0000019b0d7a9680] i8 v,h,dc,ddl,ddr,vr,hd,vl,hu: 20% 35% 35%  5%  0%  0%  5%  0%  0%
[libx264 @ 0000019b0d7a9680] i4 v,h,dc,ddl,ddr,vr,hd,vl,hu: 38% 21% 20%  4%  4%  3%  3%  4%  3%
[libx264 @ 0000019b0d7a9680] i8c dc,h,v,p: 83%  7%  9%  0%
[libx264 @ 0000019b0d7a9680] Weighted P-Frames: Y:0.0% UV:0.0%
[libx264 @ 0000019b0d7a9680] kb/s:54.14
