Input #0, mov,mp4,m4a,3gp,3g2,mj2, from 'C:\Users\user\Korean-Treanding\data\derived\creation_incremental_media_v01\artifacts\msm_eval_01_CF\video.mp4':
  Metadata:
    major_brand     : isom
    minor_version   : 512
    compatible_brands: isomiso2mp41
    encoder         : Lavf58.76.100
  Duration: 00:00:03.00, start: 0.000000, bitrate: 534 kb/s
  Stream #0:0[0x1](und): Video: mpeg4 (Simple Profile) (mp4v / 0x7634706D), yuv420p, 960x540 [SAR 1:1 DAR 16:9], 531 kb/s, 12 fps, 12 tbr, 12288 tbn (default)
      Metadata:
        handler_name    : VideoHandler
        vendor_id       : [0][0][0][0]
[aist#1:0/pcm_s16le @ 00000199aea88000] Guessed Channel Layout: mono
Input #1, wav, from 'C:\Users\user\Korean-Treanding\data\derived\creation_media_decode_v02\soundtrack_first15s_16k_mono.wav':
  Metadata:
    encoder         : Lavf61.7.100
  Duration: 00:00:15.00, bitrate: 256 kb/s
  Stream #1:0: Audio: pcm_s16le ([1][0][0][0] / 0x0001), 16000 Hz, mono, s16, 256 kb/s
Stream mapping:
  Stream #0:0 -> #0:0 (mpeg4 (native) -> h264 (libx264))
  Stream #1:0 -> #0:1 (pcm_s16le (native) -> aac (native))
[aac @ 00000199aea21240] Too many bits 8192.000000 > 6144 per frame requested, clamping to max
[libx264 @ 00000199aea1d480] using SAR=1/1
[libx264 @ 00000199aea1d480] using cpu capabilities: MMX2 SSE2Fast SSSE3 SSE4.2 AVX FMA3 BMI2 AVX2 AVX512
[libx264 @ 00000199aea1d480] profile High, level 3.1, 4:2:0, 8-bit
[libx264 @ 00000199aea1d480] 264 - core 164 r3192 c24e06c - H.264/MPEG-4 AVC codec - Copyleft 2003-2024 - http://www.videolan.org/x264.html - options: cabac=1 ref=1 deblock=1:0:0 analyse=0x3:0x113 me=hex subme=2 psy=1 psy_rd=1.00:0.00 mixed_ref=0 me_range=16 chroma_me=1 trellis=0 8x8dct=1 cqm=0 deadzone=21,11 fast_pskip=1 chroma_qp_offset=0 threads=1 lookahead_threads=1 sliced_threads=0 nr=0 decimate=1 interlaced=0 bluray_compat=0 constrained_intra=0 bframes=3 b_pyramid=2 b_adapt=1 b_bias=0 direct=1 weightb=1 open_gop=0 weightp=1 keyint=250 keyint_min=12 scenecut=40 intra_refresh=0 rc_lookahead=10 rc=crf mbtree=1 crf=18.0 qcomp=0.60 qpmin=0 qpmax=69 qpstep=4 ip_ratio=1.40 aq=1:1.00
Output #0, mp4, to 'C:\Users\user\Korean-Treanding\data\derived\creation_update_delivery_v01\videos\0002\playback.mp4':
  Metadata:
    encoder         : Lavf61.7.100
  Stream #0:0: Video: h264 (avc1 / 0x31637661), yuv420p(tv, progressive), 960x540 [SAR 1:1 DAR 16:9], q=2-31, 12 fps, 12288 tbn (default)
      Metadata:
        encoder         : Lavc61.19.100 libx264
      Side data:
        cpb: bitrate max/min/avg: 0/0/0 buffer size: 0 vbv_delay: N/A
  Stream #0:1: Audio: aac (LC) (mp4a / 0x6134706D), 16000 Hz, mono, fltp, 96 kb/s
      Metadata:
        encoder         : Lavc61.19.100 aac
[mp4 @ 00000199aea16d40] Starting second pass: moving the moov atom to the beginning of the file
[out#0/mp4 @ 00000199ae9f0940] video:60KiB audio:22KiB subtitle:0KiB other streams:0KiB global headers:0KiB muxing overhead: 3.077543%
frame=   36 fps=0.0 q=21.0 Lsize=      85KiB time=00:00:02.83 bitrate= 245.5kbits/s speed=8.11x    
[libx264 @ 00000199aea1d480] frame I:1     Avg QP: 7.72  size: 34159
[libx264 @ 00000199aea1d480] frame P:9     Avg QP:10.13  size:  2774
[libx264 @ 00000199aea1d480] frame B:26    Avg QP: 7.82  size:    61
[libx264 @ 00000199aea1d480] consecutive B-frames:  2.8%  0.0%  8.3% 88.9%
[libx264 @ 00000199aea1d480] mb I  I16..4: 70.1%  0.3% 29.6%
[libx264 @ 00000199aea1d480] mb P  I16..4:  2.0%  0.0%  0.0%  P16..4:  9.0%  0.0%  0.0%  0.0%  0.0%    skip:89.0%
[libx264 @ 00000199aea1d480] mb B  I16..4:  0.1%  0.0%  0.0%  B16..8:  0.6%  0.1%  0.0%  direct: 0.2%  skip:99.1%  L0:39.1% L1:60.5% BI: 0.4%
[libx264 @ 00000199aea1d480] 8x8 transform intra:0.4% inter:62.4%
[libx264 @ 00000199aea1d480] coded y,uvDC,uvAC intra: 16.1% 22.9% 10.0% inter: 0.9% 1.9% 0.7%
[libx264 @ 00000199aea1d480] i16 v,h,dc,p: 78% 18%  4%  0%
[libx264 @ 00000199aea1d480] i8 v,h,dc,ddl,ddr,vr,hd,vl,hu: 56% 11% 28%  0%  0%  0%  0%  0%  6%
[libx264 @ 00000199aea1d480] i4 v,h,dc,ddl,ddr,vr,hd,vl,hu: 37% 27% 19%  3%  3%  3%  3%  2%  3%
[libx264 @ 00000199aea1d480] i8c dc,h,v,p: 59% 23% 18%  0%
[libx264 @ 00000199aea1d480] Weighted P-Frames: Y:0.0% UV:0.0%
[libx264 @ 00000199aea1d480] kb/s:161.91
[aac @ 00000199aea21240] Qavg: 58860.625
