Input #0, mov,mp4,m4a,3gp,3g2,mj2, from 'C:\Users\user\Korean-Treanding\data\derived\creation_incremental_media_v01\artifacts\msm_eval_01_CR\video.mp4':
  Metadata:
    major_brand     : isom
    minor_version   : 512
    compatible_brands: isomiso2mp41
    encoder         : Lavf58.76.100
  Duration: 00:00:03.00, start: 0.000000, bitrate: 475 kb/s
  Stream #0:0[0x1](und): Video: mpeg4 (Simple Profile) (mp4v / 0x7634706D), yuv420p, 960x540 [SAR 1:1 DAR 16:9], 472 kb/s, 12 fps, 12 tbr, 12288 tbn (default)
      Metadata:
        handler_name    : VideoHandler
        vendor_id       : [0][0][0][0]
[aist#1:0/pcm_s16le @ 000002c0cde3e4c0] Guessed Channel Layout: mono
Input #1, wav, from 'C:\Users\user\Korean-Treanding\data\derived\creation_media_decode_v02\soundtrack_first15s_16k_mono.wav':
  Metadata:
    encoder         : Lavf61.7.100
  Duration: 00:00:15.00, bitrate: 256 kb/s
  Stream #1:0: Audio: pcm_s16le ([1][0][0][0] / 0x0001), 16000 Hz, mono, s16, 256 kb/s
Stream mapping:
  Stream #0:0 -> #0:0 (mpeg4 (native) -> h264 (libx264))
  Stream #1:0 -> #0:1 (pcm_s16le (native) -> aac (native))
[aac @ 000002c0cde7bbc0] Too many bits 8192.000000 > 6144 per frame requested, clamping to max
[libx264 @ 000002c0cde5bf80] using SAR=1/1
[libx264 @ 000002c0cde5bf80] using cpu capabilities: MMX2 SSE2Fast SSSE3 SSE4.2 AVX FMA3 BMI2 AVX2 AVX512
[libx264 @ 000002c0cde5bf80] profile High, level 3.1, 4:2:0, 8-bit
[libx264 @ 000002c0cde5bf80] 264 - core 164 r3192 c24e06c - H.264/MPEG-4 AVC codec - Copyleft 2003-2024 - http://www.videolan.org/x264.html - options: cabac=1 ref=1 deblock=1:0:0 analyse=0x3:0x113 me=hex subme=2 psy=1 psy_rd=1.00:0.00 mixed_ref=0 me_range=16 chroma_me=1 trellis=0 8x8dct=1 cqm=0 deadzone=21,11 fast_pskip=1 chroma_qp_offset=0 threads=1 lookahead_threads=1 sliced_threads=0 nr=0 decimate=1 interlaced=0 bluray_compat=0 constrained_intra=0 bframes=3 b_pyramid=2 b_adapt=1 b_bias=0 direct=1 weightb=1 open_gop=0 weightp=1 keyint=250 keyint_min=12 scenecut=40 intra_refresh=0 rc_lookahead=10 rc=crf mbtree=1 crf=18.0 qcomp=0.60 qpmin=0 qpmax=69 qpstep=4 ip_ratio=1.40 aq=1:1.00
Output #0, mp4, to 'C:\Users\user\Korean-Treanding\data\derived\creation_update_delivery_v01\videos\0001\playback.mp4':
  Metadata:
    encoder         : Lavf61.7.100
  Stream #0:0: Video: h264 (avc1 / 0x31637661), yuv420p(tv, progressive), 960x540 [SAR 1:1 DAR 16:9], q=2-31, 12 fps, 12288 tbn (default)
      Metadata:
        encoder         : Lavc61.19.100 libx264
      Side data:
        cpb: bitrate max/min/avg: 0/0/0 buffer size: 0 vbv_delay: N/A
  Stream #0:1: Audio: aac (LC) (mp4a / 0x6134706D), 16000 Hz, mono, fltp, 96 kb/s
      Metadata:
        encoder         : Lavc61.19.100 aac
[mp4 @ 000002c0cded6d80] Starting second pass: moving the moov atom to the beginning of the file
[out#0/mp4 @ 000002c0cded7dc0] video:55KiB audio:22KiB subtitle:0KiB other streams:0KiB global headers:0KiB muxing overhead: 3.258891%
frame=   36 fps=0.0 q=21.0 Lsize=      80KiB time=00:00:02.83 bitrate= 232.2kbits/s speed=8.56x    
[libx264 @ 000002c0cde5bf80] frame I:1     Avg QP: 6.89  size: 32021
[libx264 @ 000002c0cde5bf80] frame P:9     Avg QP: 9.06  size:  2488
[libx264 @ 000002c0cde5bf80] frame B:26    Avg QP: 6.93  size:    62
[libx264 @ 000002c0cde5bf80] consecutive B-frames:  2.8%  0.0%  8.3% 88.9%
[libx264 @ 000002c0cde5bf80] mb I  I16..4: 73.6%  0.6% 25.8%
[libx264 @ 000002c0cde5bf80] mb P  I16..4:  1.9%  0.0%  0.0%  P16..4:  7.6%  0.0%  0.0%  0.0%  0.0%    skip:90.4%
[libx264 @ 000002c0cde5bf80] mb B  I16..4:  0.0%  0.0%  0.0%  B16..8:  0.6%  0.0%  0.0%  direct: 0.2%  skip:99.2%  L0:37.5% L1:62.5% BI: 0.0%
[libx264 @ 000002c0cde5bf80] 8x8 transform intra:0.6% inter:62.0%
[libx264 @ 000002c0cde5bf80] coded y,uvDC,uvAC intra: 14.0% 21.4% 8.3% inter: 0.8% 1.7% 0.7%
[libx264 @ 000002c0cde5bf80] i16 v,h,dc,p: 82% 14%  4%  0%
[libx264 @ 000002c0cde5bf80] i8 v,h,dc,ddl,ddr,vr,hd,vl,hu: 32% 25% 30%  9%  0%  0%  0%  2%  2%
[libx264 @ 000002c0cde5bf80] i4 v,h,dc,ddl,ddr,vr,hd,vl,hu: 35% 26% 17%  4%  4%  4%  3%  4%  3%
[libx264 @ 000002c0cde5bf80] i8c dc,h,v,p: 64% 19% 16%  0%
[libx264 @ 000002c0cde5bf80] Weighted P-Frames: Y:0.0% UV:0.0%
[libx264 @ 000002c0cde5bf80] kb/s:149.39
[aac @ 000002c0cde7bbc0] Qavg: 58860.625
