Input #0, mov,mp4,m4a,3gp,3g2,mj2, from 'C:\Users\user\Korean-Treanding\data\derived\creation_incremental_media_v01\artifacts\mu_eval_01_CR\video.mp4':
  Metadata:
    major_brand     : isom
    minor_version   : 512
    compatible_brands: isomiso2mp41
    encoder         : Lavf58.76.100
  Duration: 00:00:03.00, start: 0.000000, bitrate: 638 kb/s
  Stream #0:0[0x1](und): Video: mpeg4 (Simple Profile) (mp4v / 0x7634706D), yuv420p, 960x540 [SAR 1:1 DAR 16:9], 635 kb/s, 12 fps, 12 tbr, 12288 tbn (default)
      Metadata:
        handler_name    : VideoHandler
        vendor_id       : [0][0][0][0]
Stream mapping:
  Stream #0:0 -> #0:0 (mpeg4 (native) -> h264 (libx264))
[libx264 @ 000002cb38c99680] using SAR=1/1
[libx264 @ 000002cb38c99680] using cpu capabilities: MMX2 SSE2Fast SSSE3 SSE4.2 AVX FMA3 BMI2 AVX2 AVX512
[libx264 @ 000002cb38c99680] profile High, level 3.1, 4:2:0, 8-bit
[libx264 @ 000002cb38c99680] 264 - core 164 r3192 c24e06c - H.264/MPEG-4 AVC codec - Copyleft 2003-2024 - http://www.videolan.org/x264.html - options: cabac=1 ref=1 deblock=1:0:0 analyse=0x3:0x113 me=hex subme=2 psy=1 psy_rd=1.00:0.00 mixed_ref=0 me_range=16 chroma_me=1 trellis=0 8x8dct=1 cqm=0 deadzone=21,11 fast_pskip=1 chroma_qp_offset=0 threads=1 lookahead_threads=1 sliced_threads=0 nr=0 decimate=1 interlaced=0 bluray_compat=0 constrained_intra=0 bframes=3 b_pyramid=2 b_adapt=1 b_bias=0 direct=1 weightb=1 open_gop=0 weightp=1 keyint=250 keyint_min=12 scenecut=40 intra_refresh=0 rc_lookahead=10 rc=crf mbtree=1 crf=18.0 qcomp=0.60 qpmin=0 qpmax=69 qpstep=4 ip_ratio=1.40 aq=1:1.00
Output #0, mp4, to 'C:\Users\user\Korean-Treanding\data\derived\creation_update_delivery_v01\videos\0007\playback.mp4':
  Metadata:
    encoder         : Lavf61.7.100
  Stream #0:0: Video: h264 (avc1 / 0x31637661), yuv420p(tv, progressive), 960x540 [SAR 1:1 DAR 16:9], q=2-31, 12 fps, 12288 tbn (default)
      Metadata:
        encoder         : Lavc61.19.100 libx264
      Side data:
        cpb: bitrate max/min/avg: 0/0/0 buffer size: 0 vbv_delay: N/A
[mp4 @ 000002cb38cad600] Starting second pass: moving the moov atom to the beginning of the file
[out#0/mp4 @ 000002cb38cad500] video:79KiB audio:0KiB subtitle:0KiB other streams:0KiB global headers:0KiB muxing overhead: 1.605190%
frame=   36 fps=0.0 q=21.0 Lsize=      80KiB time=00:00:02.83 bitrate= 232.2kbits/s speed=11.5x    
[libx264 @ 000002cb38c99680] frame I:1     Avg QP: 8.49  size: 43888
[libx264 @ 000002cb38c99680] frame P:9     Avg QP:15.37  size:  3765
[libx264 @ 000002cb38c99680] frame B:26    Avg QP:17.95  size:    95
[libx264 @ 000002cb38c99680] consecutive B-frames:  2.8%  0.0%  8.3% 88.9%
[libx264 @ 000002cb38c99680] mb I  I16..4: 65.3%  0.3% 34.3%
[libx264 @ 000002cb38c99680] mb P  I16..4:  2.3%  0.0%  0.1%  P16..4: 10.2%  0.1%  0.1%  0.0%  0.0%    skip:87.2%
[libx264 @ 000002cb38c99680] mb B  I16..4:  0.2%  0.0%  0.0%  B16..8:  1.0%  0.1%  0.0%  direct: 0.2%  skip:98.5%  L0:28.4% L1:71.4% BI: 0.2%
[libx264 @ 000002cb38c99680] 8x8 transform intra:0.3% inter:56.6%
[libx264 @ 000002cb38c99680] coded y,uvDC,uvAC intra: 18.3% 23.2% 8.1% inter: 1.2% 2.0% 0.8%
[libx264 @ 000002cb38c99680] i16 v,h,dc,p: 81% 15%  4%  0%
[libx264 @ 000002cb38c99680] i8 v,h,dc,ddl,ddr,vr,hd,vl,hu: 29% 25% 39%  4%  0%  0%  4%  0%  0%
[libx264 @ 000002cb38c99680] i4 v,h,dc,ddl,ddr,vr,hd,vl,hu: 37% 27% 16%  3%  4%  4%  3%  3%  3%
[libx264 @ 000002cb38c99680] i8c dc,h,v,p: 53% 26% 21%  1%
[libx264 @ 000002cb38c99680] Weighted P-Frames: Y:0.0% UV:0.0%
[libx264 @ 000002cb38c99680] kb/s:213.97
